// Jest Snapshot v1, https://goo.gl/fbAQLP

exports[`The App Componenet Renders correctly 1`] = `
<div>
  <Connect(GameLoop) />
  <Connect(gameLayout) />
  <Connect(Button) />
</div>
`;
