// Jest Snapshot v1, https://goo.gl/fbAQLP

exports[`The StartButton Component renders correctly 1`] = `undefined`;
